Asterisk (*) preceding a constraint indicates it was not met.
   This may be due to a setup or hold violation.

----------------------------------------------------------------------------------------------------------
  Constraint                                |    Check    | Worst Case |  Best Case | Timing |   Timing   
                                            |             |    Slack   | Achievable | Errors |    Score   
----------------------------------------------------------------------------------------------------------
  Autotimespec constraint for clock net clk | SETUP       |         N/A|    23.498ns|     N/A|       70071
                                            | HOLD        |     1.298ns|            |       0|           0
----------------------------------------------------------------------------------------------------------
  Autotimespec constraint for clock net div | SETUP       |         N/A|     6.202ns|     N/A|         811
  _counter<1>                               | HOLD        |     1.317ns|            |       0|           0
----------------------------------------------------------------------------------------------------------
  Autotimespec constraint for clock net aut | SETUP       |         N/A|     3.770ns|     N/A|           0
  o_clk_BUFGP                               | HOLD        |     1.126ns|            |       0|           0
----------------------------------------------------------------------------------------------------------


2 constraints not met.
INFO:Timing:2761 - N/A entries in the Constraints List may indicate that the 
   constraint is not analyzed due to the following: No paths covered by this 
   constraint; Other constraints intersect with this constraint; or This 
   constraint was disabled by a Path Tracing Control. Please run the Timespec 
   Interaction Report (TSI) via command line (trce tsi) or Timing Analyzer GUI.


