AR bl_rom bl_rom_a E:/Course/Junior1/CO/Final/Project/MIPS/ipcore_dir/bl_rom.vhd sub00/vhpl05 1352545319
EN bl_rom NULL E:/Course/Junior1/CO/Final/Project/MIPS/ipcore_dir/bl_rom.vhd sub00/vhpl04 1352545318
EN mem NULL E:/Course/Junior1/CO/Final/Project/MIPS/Mem.vhd sub00/vhpl02 1352545316
EN multiplier NULL E:/Course/Junior1/CO/Final/Project/MIPS/ipcore_dir/multiplier.vhd sub00/vhpl09 1352545314
AR pro_rom pro_rom_a E:/Course/Junior1/CO/Final/Project/MIPS/ipcore_dir/pro_rom.vhd sub00/vhpl07 1352545321
EN pro_rom NULL E:/Course/Junior1/CO/Final/Project/MIPS/ipcore_dir/pro_rom.vhd sub00/vhpl06 1352545320
AR mem behavioral E:/Course/Junior1/CO/Final/Project/MIPS/Mem.vhd sub00/vhpl03 1352545317
AR multiplier multiplier_a E:/Course/Junior1/CO/Final/Project/MIPS/ipcore_dir/multiplier.vhd sub00/vhpl10 1352545315
AR alu behavioral E:/Course/Junior1/CO/Final/Project/MIPS/ALU.vhd sub00/vhpl01 1352545313
EN controller NULL E:/Course/Junior1/CO/Final/Project/MIPS/Controller.vhd sub00/vhpl08 1352545322
AR controller behavioral E:/Course/Junior1/CO/Final/Project/MIPS/Controller.vhd sub00/vhpl11 1352545323
EN alu NULL E:/Course/Junior1/CO/Final/Project/MIPS/ALU.vhd sub00/vhpl00 1352545312
