V3 23
FL E:/Course/Junior1/CO/Final/Project/MIPS/ALU.vhd 2012/11/10.14:02:17 O.40d
EN work/ALU 1352545312 FL E:/Course/Junior1/CO/Final/Project/MIPS/ALU.vhd \
      PB ieee/std_logic_1164 1296775758 PB ieee/STD_LOGIC_UNSIGNED 1296775760 \
      PB ieee/std_logic_arith 1296775759 PB ieee/NUMERIC_STD 1296775759
AR work/ALU/Behavioral 1352545313 \
      FL E:/Course/Junior1/CO/Final/Project/MIPS/ALU.vhd EN work/ALU 1352545312
FL E:/Course/Junior1/CO/Final/Project/MIPS/Controller.vhd 2012/11/10.16:51:36 O.40d
EN work/Controller 1352545322 \
      FL E:/Course/Junior1/CO/Final/Project/MIPS/Controller.vhd \
      PB ieee/std_logic_1164 1296775758 PB ieee/STD_LOGIC_UNSIGNED 1296775760 \
      PB ieee/std_logic_arith 1296775759
AR work/Controller/Behavioral 1352545323 \
      FL E:/Course/Junior1/CO/Final/Project/MIPS/Controller.vhd \
      EN work/Controller 1352545322 CP ALU CP multiplier CP Mem CP bl_rom CP pro_rom
FL E:/Course/Junior1/CO/Final/Project/MIPS/ipcore_dir/bl_rom.vhd 2012/11/10.14:35:22 O.40d
EN work/bl_rom 1352545318 \
      FL E:/Course/Junior1/CO/Final/Project/MIPS/ipcore_dir/bl_rom.vhd \
      PB ieee/std_logic_1164 1296775758
AR work/bl_rom/bl_rom_a 1352545319 \
      FL E:/Course/Junior1/CO/Final/Project/MIPS/ipcore_dir/bl_rom.vhd \
      EN work/bl_rom 1352545318
FL E:/Course/Junior1/CO/Final/Project/MIPS/ipcore_dir/multiplier.vhd 2012/11/08.22:23:43 O.40d
EN work/multiplier 1352545314 \
      FL E:/Course/Junior1/CO/Final/Project/MIPS/ipcore_dir/multiplier.vhd \
      PB ieee/std_logic_1164 1296775758
AR work/multiplier/multiplier_a 1352545315 \
      FL E:/Course/Junior1/CO/Final/Project/MIPS/ipcore_dir/multiplier.vhd \
      EN work/multiplier 1352545314
FL E:/Course/Junior1/CO/Final/Project/MIPS/ipcore_dir/pro_rom.vhd 2012/11/08.22:18:07 O.40d
EN work/pro_rom 1352545320 \
      FL E:/Course/Junior1/CO/Final/Project/MIPS/ipcore_dir/pro_rom.vhd \
      PB ieee/std_logic_1164 1296775758
AR work/pro_rom/pro_rom_a 1352545321 \
      FL E:/Course/Junior1/CO/Final/Project/MIPS/ipcore_dir/pro_rom.vhd \
      EN work/pro_rom 1352545320
FL E:/Course/Junior1/CO/Final/Project/MIPS/Mem.vhd 2012/11/10.19:01:34 O.40d
EN work/Mem 1352545316 FL E:/Course/Junior1/CO/Final/Project/MIPS/Mem.vhd \
      PB ieee/std_logic_1164 1296775758
AR work/Mem/Behavioral 1352545317 \
      FL E:/Course/Junior1/CO/Final/Project/MIPS/Mem.vhd EN work/Mem 1352545316
